// Jest Snapshot v1, https://goo.gl/fbAQLP

exports[`should test complex usecases test splitting for large table 1`] = `
"Fighter
=======

---xxx---Class Features
--------------

As a fighter, you gain the following class features.

---xxx---#### Hit Points

**Hit Dice:** 1d10 per fighter level

**Hit Points at 1st Level:** 10 + your Constitution modifier

**Hit Points at Higher Levels:** 1d10 (or 6) + your Constitution modifier per fighter level after 1st

---xxx---#### Proficiencies

**Armor:** All armor, shields

**Weapons:** Simple weapons, martial weapons

**Tools:** None

**Saving Throws:** Strength, Constitution

**Skills:** Choose two skills from Acrobatics, Animal

Handling, Athletics, History, Insight, Intimidation, Perception, and Survival

---xxx---#### Equipment

You start with the following equipment, in addition to the equipment granted by your background:
- (*a*) chain mail or (*b*) leather armor, longbow, and 20 arrows
- (*a*) a martial weapon and a shield or (*b*) two martial weapons
- (*a*) a light crossbow and 20 bolts or (*b*) two handaxes
- (*a*) a dungeoneer’s pack or (*b*) an explorer’s pack

---xxx---#### The Fighter

---xxx---| Level | Proficiency Bonus | Features                                          |
|-------|-------------------|---------------------------------------------------|
| 1st   | +2                | Fighting Style, Second Wind                       |
| 2nd   | +2                | Action Surge (one use)                            |
| 3rd   | +2                | Martial Archetype                                 |
| 4th   | +2                | Ability Score Improvement                         |
| 5th   | +3                | Extra Attack                                      |
| 6th   | +3                | Ability Score Improvement                         |
| 7th   | +3                | Martial Archetype Feature                         |
| 8th   | +3                | Ability Score Improvement                         |
| 9th   | +4                | Indomitable (one use)                             |
| 10th  | +4                | Martial Archetype Feature                         |
| 11th  | +4                | Extra Attack (2)                                  |
| 12th  | +4                | Ability Score Improvement                         |
| 13th  | +5                | Indomitable (two uses)                            |
| 14th  | +5                | Ability Score Improvement                         |
| 15th  | +5                | Martial Archetype Feature                         |
| 16th  | +5                | Ability Score Improvement                         |
| 19th  | +6                | Ability Score Improvement                         |
| 20th  | +6                | Extra Attack (3)                                  |"
`;
